// Jest Snapshot v1, https://goo.gl/fbAQLP

exports[`Componente transacao do extrato O snapshot do component deve permanecer sempre o mesmo 1`] = `
<div
  class="transacao-container"
>
  <p>
    26/08/2021
  </p>
  <p>
    saque
  </p>
  <p>
    R$ 
    20.00
  </p>
</div>
`;
